../Core/Src/microphone.c:22:6:microphone_init	16	static
../Core/Src/microphone.c:27:6:microphone_start	8	static
../Core/Src/microphone.c:34:17:microphone_get_buffer	4	static
../Core/Src/microphone.c:39:10:microphone_get_buffer_length	4	static
../Core/Src/microphone.c:44:17:ave_buffer_uint32	56	static
../Core/Src/microphone.c:52:17:max_buffer_uint32	24	static
../Core/Src/microphone.c:62:17:min_buffer_uint32	24	static
../Core/Src/microphone.c:73:6:HAL_ADC_ConvHalfCpltCallback	32	static,ignoring_inline_asm
../Core/Src/microphone.c:94:6:HAL_ADC_ConvCpltCallback	32	static,ignoring_inline_asm
