../Core/Src/microphone.c:15:6:microphone_init	16	static
../Core/Src/microphone.c:20:6:microphone_start	8	static
../Core/Src/microphone.c:25:17:microphone_get_buffer	4	static
../Core/Src/microphone.c:30:10:microphone_get_buffer_length	4	static
../Core/Src/microphone.c:35:17:ave_buffer_uint32	56	static
../Core/Src/microphone.c:43:17:max_buffer_uint32	24	static
../Core/Src/microphone.c:53:17:min_buffer_uint32	24	static
../Core/Src/microphone.c:64:6:HAL_ADC_ConvHalfCpltCallback	40	static
../Core/Src/microphone.c:77:6:HAL_ADC_ConvCpltCallback	40	static
