../Core/Src/pitch.c:111:6:fft_init	16	static
../Core/Src/pitch.c:161:6:fft_deinit	8	static
../Core/Src/pitch.c:181:7:get_freq_fft	24	static
../Core/Src/pitch.c:197:7:get_freq	24	static
../Core/Src/pitch.c:216:12:find_period_autocorrelation	72	static
../Core/Src/pitch.c:238:13:print_fft_spectrum	56	static
../Core/Src/pitch.c:276:14:fft_run	40	static
../Core/Src/pitch.c:394:14:get_magnitude_squared	24	static
../Core/Src/pitch.c:406:14:interpolate_peak_bin	40	static
../Core/Src/pitch.c:443:13:initialize_hann_window	16	static
../Core/Src/pitch.c:454:13:center_audio_buffer	24	static
../Core/Src/pitch.c:465:17:ave_audio_buffer	24	static
../Core/Src/pitch.c:478:17:ave_amplitude	24	static
